2026-01-02 15:29:17,779 - httpx - INFO - HTTP Request: HEAD https://huggingface.co/datasets/Horusprg/WildShapes/resolve/main/README.md "HTTP/1.1 307 Temporary Redirect"
2026-01-02 15:29:17,848 - httpx - INFO - HTTP Request: HEAD https://huggingface.co/api/resolve-cache/datasets/Horusprg/WildShapes/1b6821f125820b60e9e1a38ff17d0e394635474f/README.md "HTTP/1.1 200 OK"
2026-01-02 15:29:18,093 - httpx - INFO - HTTP Request: HEAD https://huggingface.co/datasets/Horusprg/WildShapes/resolve/1b6821f125820b60e9e1a38ff17d0e394635474f/WildShapes.py "HTTP/1.1 404 Not Found"
2026-01-02 15:29:18,747 - httpx - INFO - HTTP Request: HEAD https://s3.amazonaws.com/datasets.huggingface.co/datasets/datasets/Horusprg/WildShapes/Horusprg/WildShapes.py "HTTP/1.1 404 Not Found"
2026-01-02 15:29:18,987 - httpx - INFO - HTTP Request: GET https://huggingface.co/api/datasets/Horusprg/WildShapes/revision/1b6821f125820b60e9e1a38ff17d0e394635474f "HTTP/1.1 200 OK"
2026-01-02 15:29:19,248 - httpx - INFO - HTTP Request: HEAD https://huggingface.co/datasets/Horusprg/WildShapes/resolve/1b6821f125820b60e9e1a38ff17d0e394635474f/.huggingface.yaml "HTTP/1.1 404 Not Found"
2026-01-02 15:29:19,763 - httpx - INFO - HTTP Request: GET https://datasets-server.huggingface.co/info?dataset=Horusprg/WildShapes "HTTP/1.1 200 OK"
2026-01-02 15:29:20,117 - httpx - INFO - HTTP Request: GET https://huggingface.co/api/datasets/Horusprg/WildShapes/tree/1b6821f125820b60e9e1a38ff17d0e394635474f/data?recursive=true&expand=false "HTTP/1.1 200 OK"
2026-01-02 15:29:20,389 - httpx - INFO - HTTP Request: GET https://huggingface.co/api/datasets/Horusprg/WildShapes/tree/1b6821f125820b60e9e1a38ff17d0e394635474f?recursive=false&expand=false "HTTP/1.1 200 OK"
2026-01-02 15:29:20,688 - httpx - INFO - HTTP Request: HEAD https://huggingface.co/datasets/Horusprg/WildShapes/resolve/1b6821f125820b60e9e1a38ff17d0e394635474f/dataset_infos.json "HTTP/1.1 404 Not Found"
2026-01-02 15:30:31,987 - httpx - INFO - HTTP Request: HEAD https://huggingface.co/datasets/Horusprg/WildShapes/resolve/main/README.md "HTTP/1.1 307 Temporary Redirect"
2026-01-02 15:30:32,055 - httpx - INFO - HTTP Request: HEAD https://huggingface.co/api/resolve-cache/datasets/Horusprg/WildShapes/1b6821f125820b60e9e1a38ff17d0e394635474f/README.md "HTTP/1.1 200 OK"
2026-01-02 15:30:32,290 - httpx - INFO - HTTP Request: HEAD https://huggingface.co/datasets/Horusprg/WildShapes/resolve/1b6821f125820b60e9e1a38ff17d0e394635474f/WildShapes.py "HTTP/1.1 404 Not Found"
2026-01-02 15:30:32,894 - httpx - INFO - HTTP Request: HEAD https://s3.amazonaws.com/datasets.huggingface.co/datasets/datasets/Horusprg/WildShapes/Horusprg/WildShapes.py "HTTP/1.1 404 Not Found"
2026-01-02 15:30:33,129 - httpx - INFO - HTTP Request: GET https://huggingface.co/api/datasets/Horusprg/WildShapes/revision/1b6821f125820b60e9e1a38ff17d0e394635474f "HTTP/1.1 200 OK"
2026-01-02 15:30:33,361 - httpx - INFO - HTTP Request: HEAD https://huggingface.co/datasets/Horusprg/WildShapes/resolve/1b6821f125820b60e9e1a38ff17d0e394635474f/.huggingface.yaml "HTTP/1.1 404 Not Found"
2026-01-02 15:30:33,907 - httpx - INFO - HTTP Request: GET https://datasets-server.huggingface.co/info?dataset=Horusprg/WildShapes "HTTP/1.1 200 OK"
2026-01-02 15:30:34,155 - httpx - INFO - HTTP Request: GET https://huggingface.co/api/datasets/Horusprg/WildShapes/tree/1b6821f125820b60e9e1a38ff17d0e394635474f/data?recursive=true&expand=false "HTTP/1.1 200 OK"
2026-01-02 15:30:34,390 - httpx - INFO - HTTP Request: GET https://huggingface.co/api/datasets/Horusprg/WildShapes/tree/1b6821f125820b60e9e1a38ff17d0e394635474f?recursive=false&expand=false "HTTP/1.1 200 OK"
2026-01-02 15:30:34,635 - httpx - INFO - HTTP Request: HEAD https://huggingface.co/datasets/Horusprg/WildShapes/resolve/1b6821f125820b60e9e1a38ff17d0e394635474f/dataset_infos.json "HTTP/1.1 404 Not Found"
