nohup: ignoring input
✓ CUDA disponível: True
✓ Número de GPUs detectadas: 4
   GPU 0: NVIDIA A100-SXM4-40GB
   GPU 1: NVIDIA A100-SXM4-40GB
   GPU 2: NVIDIA A100-SXM4-40GB
   GPU 3: NVIDIA A100-SXM4-40GB
✓ GPU selecionada: 0 (NVIDIA A100-SXM4-40GB)
💡 Para usar outra GPU, defina GPU_ID=0,1,2 ou 3 antes de executar
💡 Usando GPU única. Para usar múltiplas GPUs, defina USE_DATAPARALLEL=1
2026-01-13 17:12:48,741 - httpx - INFO - HTTP Request: HEAD https://huggingface.co/datasets/Horusprg/WildShapes/resolve/main/README.md "HTTP/1.1 307 Temporary Redirect"
2026-01-13 17:12:48,789 - httpx - INFO - HTTP Request: HEAD https://huggingface.co/api/resolve-cache/datasets/Horusprg/WildShapes/1b6821f125820b60e9e1a38ff17d0e394635474f/README.md "HTTP/1.1 200 OK"
2026-01-13 17:12:48,960 - httpx - INFO - HTTP Request: HEAD https://huggingface.co/datasets/Horusprg/WildShapes/resolve/1b6821f125820b60e9e1a38ff17d0e394635474f/WildShapes.py "HTTP/1.1 404 Not Found"
2026-01-13 17:12:49,656 - httpx - INFO - HTTP Request: HEAD https://s3.amazonaws.com/datasets.huggingface.co/datasets/datasets/Horusprg/WildShapes/Horusprg/WildShapes.py "HTTP/1.1 404 Not Found"
2026-01-13 17:12:49,828 - httpx - INFO - HTTP Request: GET https://huggingface.co/api/datasets/Horusprg/WildShapes/revision/1b6821f125820b60e9e1a38ff17d0e394635474f "HTTP/1.1 200 OK"
2026-01-13 17:12:49,998 - httpx - INFO - HTTP Request: HEAD https://huggingface.co/datasets/Horusprg/WildShapes/resolve/1b6821f125820b60e9e1a38ff17d0e394635474f/.huggingface.yaml "HTTP/1.1 404 Not Found"
2026-01-13 17:12:50,382 - httpx - INFO - HTTP Request: GET https://datasets-server.huggingface.co/info?dataset=Horusprg/WildShapes "HTTP/1.1 200 OK"
2026-01-13 17:12:50,560 - httpx - INFO - HTTP Request: GET https://huggingface.co/api/datasets/Horusprg/WildShapes/tree/1b6821f125820b60e9e1a38ff17d0e394635474f/data?recursive=true&expand=false "HTTP/1.1 200 OK"
2026-01-13 17:12:50,731 - httpx - INFO - HTTP Request: GET https://huggingface.co/api/datasets/Horusprg/WildShapes/tree/1b6821f125820b60e9e1a38ff17d0e394635474f?recursive=false&expand=false "HTTP/1.1 200 OK"
2026-01-13 17:12:50,904 - httpx - INFO - HTTP Request: HEAD https://huggingface.co/datasets/Horusprg/WildShapes/resolve/1b6821f125820b60e9e1a38ff17d0e394635474f/dataset_infos.json "HTTP/1.1 404 Not Found"
WildShapes Dataset
  Train: 43,593
  Val: 12,456
  Test: 6,228
  Batch: 64
  Num Workers: 2
📋 Arquiteturas para otimização: ['CNN', 'ResNet', 'EfficientNet', 'MobileNet']
🔧 Dispositivo configurado: cuda:0
🎯 Dimensões do espaço de busca: 6
📏 Limites dos parâmetros: {'max_channels': (64, 512), 'num_layers': (2, 25), 'min_channels': (16, 64), 'dropout_rate': (0.0, 0.5), 'learning_rate': (0.0001, 0.01)}
🚀 Experimento iniciado: experiment_20260113_171250
📁 Pasta do experimento: results/experiment_20260113_171250
   ├── 📄 logs/ (arquivos JSON detalhados)
   ├── 📊 csv/ (dados estruturados)
   ├── 💾 checkpoints/ (estados de otimização)
   └── 📈 analysis/ (análises e gráficos)

================================================================================
🚀 INICIANDO OTIMIZAÇÃO HÍBRIDA AFSA-GA-PSO
================================================================================

────────────────────────────────────────────────────────────
📋 CONFIGURAÇÃO DO ALGORITMO
────────────────────────────────────────────────────────────
🎯 Parâmetros Gerais:
   • Tamanho da população: 20
   • Máximo de iterações: 10
   • Parâmetro λ (trade-off): 0.8
   • Dimensões do espaço: 6

🏗️  Arquiteturas Disponíveis:
   1. CNN
   2. ResNet
   3. EfficientNet
   4. MobileNet

🐟 Parâmetros AFSA:
   • visual: 40
   • step: 3
   • try_times: 1
   • max_iter: 8

🌊 Parâmetros PSO:
   • c1: 1.5
   • c2: 1.5
   • w: 0.7
   • k: 3
   • p: 2

🧬 Parâmetros GA:
   • initial_crossover_rate: 0.7
   • initial_mutation_rate: 0.3
   • tournament_size: 3
   • max_iter: 12

📊 Limites dos Parâmetros:
   • max_channels: [64, 512]
   • num_layers: [2, 25]
   • min_channels: [16, 64]
   • dropout_rate: [0.0, 0.5]
   • learning_rate: [1.00e-04, 1.00e-02] (escala logarítmica)

→ Inicializando componentes do algoritmo híbrido
🚀 Experimento iniciado: experiment_20260113_171250
📁 Pasta do experimento: results/experiment_20260113_171250
   ├── 📄 logs/ (arquivos JSON detalhados)
   ├── 📊 csv/ (dados estruturados)
   ├── 💾 checkpoints/ (estados de otimização)
   └── 📈 analysis/ (análises e gráficos)

────────────────────────────────────────────────────────────
📋 FASE 1: OTIMIZAÇÃO INICIAL COM AFSA-PSO
────────────────────────────────────────────────────────────

→ Gerando população inicial diversificada com AFSA
   Tamanho: 20, Iterações: 8

→ Configurando função de fitness do AFSA (baseada em diversidade)

→ Executando AFSA por 8 iterações

✅ AFSA concluído!
   • 20 candidatos gerados com diversidade de arquiteturas
  • Arquiteturas exploradas: ['ResNet', 'MobileNet', 'CNN', 'EfficientNet']
  • Parâmetros otimizados: 5 parâmetros

────────────────────────────────────────────────────────────
📋 WARM-UP: Treinando e avaliando candidatos AFSA
────────────────────────────────────────────────────────────
Warm-up:   0%|          | 0/20 [00:00<?, ?it/s]
🔄 Avaliando candidato 1/20
   🏗️  Arquitetura: ResNet
   ⚙️  Parâmetros: {'max_channels': 379, 'num_layers': 11, 'min_channels': 60, 'dropout_rate': 0.4798634305620151, 'num_classes': 9, 'batch_norm': True}
   📈 Learning Rate: 0.000127
   🔥 Iniciando treinamento...
ResNet: base_channels=219, layers=[2, 2, 1, 1], dropout=0.4798634305620151, num_layers=11
✓ Usando GPU única: NVIDIA A100-SXM4-40GB
💡 Dica: Para usar múltiplas GPUs, defina USE_DATAPARALLEL=1 (pode causar erros NCCL)
Epoch 1/8 (44.2s): Train Loss: 2.2583, Train Acc: 16.09%, Valid Loss: 2.1410, Valid Acc: 17.67%, LR: 0.000127
Epoch 2/8 (42.8s): Train Loss: 2.1383, Train Acc: 17.69%, Valid Loss: 2.1282, Valid Acc: 18.65%, LR: 0.000127
Epoch 3/8 (45.9s): Train Loss: 2.1046, Train Acc: 19.93%, Valid Loss: 2.0591, Valid Acc: 23.28%, LR: 0.000127
Epoch 4/8 (45.6s): Train Loss: 2.0658, Train Acc: 22.44%, Valid Loss: 2.0444, Valid Acc: 23.55%, LR: 0.000127
Epoch 5/8 (44.7s): Train Loss: 2.0234, Train Acc: 25.02%, Valid Loss: 1.9610, Valid Acc: 28.18%, LR: 0.000127
Epoch 6/8 (44.8s): Train Loss: 1.9878, Train Acc: 26.71%, Valid Loss: 1.9546, Valid Acc: 28.68%, LR: 0.000127
Epoch 7/8 (45.3s): Train Loss: 1.9468, Train Acc: 28.54%, Valid Loss: 1.8809, Valid Acc: 31.61%, LR: 0.000127
Epoch 8/8 (42.7s): Train Loss: 1.9039, Train Acc: 30.49%, Valid Loss: 1.8957, Valid Acc: 31.40%, LR: 0.000127
✓ Treinamento concluído em 355.9s
✓ Melhor acurácia de validação: 31.61%
Teste: Loss: 1.9152, Top-1 Acc: 31.34%, Top-5 Acc: 80.01%, Precision (macro): 0.3080, Recall (macro): 0.2860, F1 (macro): 0.2743, Params: 6.16e+07, Inference Time: 0.0014s, Memory: 235.08MB, GFLOPs: 4.7286
Resultados salvos em: results/resnet_experiments/experiment_2ef3c3e1-8083-4215-b426-44c4243bb33a.json
   📊 Métricas obtidas: {'loss': 1.915181472352015, 'top1_acc': 31.34232498394348, 'top5_acc': 80.00963391136801, 'precision_macro': 0.30801881866737457, 'recall_macro': 0.2859655403665401, 'f1_macro': 0.2742858711552366, 'total_params': 61625952.0, 'avg_inference_time': np.float64(0.0013542029322410117), 'memory_used_mb': 235.0843505859375, 'gflops': 4.72859544}
   💾 Resultado salvo no cache. Total cached: 1
   📊 Calculando score OACE...
   🔧 Inicializando limites das métricas com valores padrão...
   ✅ Limites inicializados com valores atuais
      • Limites assertividade: {'top1_acc': {'min': 31.34232498394348, 'max': 31.34232498394348}, 'top5_acc': {'min': 80.00963391136801, 'max': 80.00963391136801}, 'precision_macro': {'min': 0.30801881866737457, 'max': 0.30801881866737457}, 'recall_macro': {'min': 0.2859655403665401, 'max': 0.2859655403665401}, 'f1_macro': {'min': 0.2742858711552366, 'max': 0.2742858711552366}}
      • Limites custo: {'total_params': {'min': 61625952.0, 'max': 61625952.0}, 'avg_inference_time': {'min': np.float64(0.0013542029322410117), 'max': np.float64(0.0013542029322410117)}, 'memory_used_mb': {'min': 235.0843505859375, 'max': 235.0843505859375}, 'gflops': {'min': 4.72859544, 'max': 4.72859544}}
      • Lambda (trade-off): 0.8
Calculando score OACE...

Avaliação OACE (máximos e mínimos):

s_min:  top1_acc           31.342325
top5_acc           80.009634
precision_macro     0.308019
recall_macro        0.285966
f1_macro            0.274286
dtype: float64
s_max:  top1_acc           31.342325
top5_acc           80.009634
precision_macro     0.308019
recall_macro        0.285966
f1_macro            0.274286
dtype: float64
c_min:  total_params          6.162595e+07
avg_inference_time    1.354203e-03
memory_used_mb        2.350844e+02
gflops                4.728595e+00
dtype: float64
c_max:  total_params          6.162595e+07
avg_inference_time    1.354203e-03
memory_used_mb        2.350844e+02
gflops                4.728595e+00
dtype: float64
norm_s (top1_acc, top5_acc, prec_macro, rec_macro, f1_macro):  [1. 1. 1. 1. 1.]
norm_c (MTP, TPI, MS, GFlops):  [0. 0. 0. 0.]
a_m (Assertiveness):  1.0
c_m_negative (Cost - negativo):  -0.0
c_m_normalized (para [0,1]):  1.0
s_phi_score:  1.0
      • Score OACE calculado: 1.000000

📋 Candidato #1
   🏗️  Arquitetura: ResNet
   ⚙️  Parâmetros: {'max_channels': 379, 'num_layers': 11, 'min_channels': 60, 'dropout_rate': 0.4798634305620151, 'num_classes': 9, 'batch_norm': True}
   🎯 Score OACE: 1.000000
   📊 Métricas de Assertividade:
      • Top-1 Accuracy: 31.3423
      • Top-5 Accuracy: 80.0096
      • Precision Macro: 0.3080
      • Recall Macro: 0.2860
      • F1 Macro: 0.2743
   💰 Métricas de Custo:
      • Total Parâmetros: 61,625,952.0
      • Tempo Inferência: 0.0014s
      • Memória Usada: 235.08 MB
      • GFLOPs: 4.73
Warm-up:   5%|▌         | 1/20 [06:01<1:54:29, 361.53s/it]
🔄 Avaliando candidato 2/20
   🏗️  Arquitetura: MobileNet
   ⚙️  Parâmetros: {'max_channels': 128, 'num_layers': 11, 'min_channels': 54, 'dropout_rate': 0.33623685111240603, 'num_classes': 9, 'batch_norm': True}
   📈 Learning Rate: 0.003576
   🔥 Iniciando treinamento...
MobileNet: channels=[54, 61, 68, 76, 83, 91, 98, 105, 113, 120, 128], dropout=0.33623685111240603, num_layers=11
✓ Usando GPU única: NVIDIA A100-SXM4-40GB
💡 Dica: Para usar múltiplas GPUs, defina USE_DATAPARALLEL=1 (pode causar erros NCCL)
Epoch 1/8 (45.9s): Train Loss: 2.1663, Train Acc: 15.75%, Valid Loss: 2.1565, Valid Acc: 14.86%, LR: 0.003576
Epoch 2/8 (50.2s): Train Loss: 2.1343, Train Acc: 18.14%, Valid Loss: 2.1031, Valid Acc: 20.61%, LR: 0.003576
Epoch 3/8 (50.4s): Train Loss: 2.1108, Train Acc: 19.88%, Valid Loss: 2.0830, Valid Acc: 21.52%, LR: 0.003576
Epoch 4/8 (50.2s): Train Loss: 2.0819, Train Acc: 21.29%, Valid Loss: 2.0243, Valid Acc: 24.25%, LR: 0.003576
Epoch 5/8 (45.4s): Train Loss: 2.0568, Train Acc: 22.89%, Valid Loss: 2.0319, Valid Acc: 25.08%, LR: 0.003576
Epoch 6/8 (47.5s): Train Loss: 2.0398, Train Acc: 23.56%, Valid Loss: 2.0091, Valid Acc: 26.00%, LR: 0.003576
Epoch 7/8 (49.2s): Train Loss: 2.0276, Train Acc: 23.84%, Valid Loss: 2.0166, Valid Acc: 26.81%, LR: 0.003576
Epoch 8/8 (42.6s): Train Loss: 2.0177, Train Acc: 24.60%, Valid Loss: 1.9771, Valid Acc: 28.16%, LR: 0.003576
✓ Treinamento concluído em 381.3s
✓ Melhor acurácia de validação: 28.16%
Teste: Loss: 1.9767, Top-1 Acc: 27.54%, Top-5 Acc: 75.50%, Precision (macro): 0.2111, Recall (macro): 0.2369, F1 (macro): 0.2115, Params: 9.94e+04, Inference Time: 0.0011s, Memory: 0.38MB, GFLOPs: 0.0099
Resultados salvos em: results/mobilenet_experiments/experiment_4da122e7-bffb-49f4-8c7f-3dae7660fd62.json
   📊 Métricas obtidas: {'loss': 1.976698136130586, 'top1_acc': 27.53692999357739, 'top5_acc': 75.49775208734746, 'precision_macro': 0.21108103619720658, 'recall_macro': 0.23691695969090276, 'f1_macro': 0.21147122653804046, 'total_params': 99373.0, 'avg_inference_time': np.float64(0.0011435114607519033), 'memory_used_mb': 0.3790779113769531, 'gflops': 0.009903296}
   💾 Resultado salvo no cache. Total cached: 2
   📊 Calculando score OACE...
   📊 Atualizado limite top1_acc: [31.3423, 31.3423] → [27.5369, 31.3423]
   📊 Atualizado limite top5_acc: [80.0096, 80.0096] → [75.4978, 80.0096]
   📊 Atualizado limite precision_macro: [0.3080, 0.3080] → [0.2111, 0.3080]
   📊 Atualizado limite recall_macro: [0.2860, 0.2860] → [0.2369, 0.2860]
   📊 Atualizado limite f1_macro: [0.2743, 0.2743] → [0.2115, 0.2743]
   📊 Atualizado limite total_params: [61625952.0000, 61625952.0000] → [99373.0000, 61625952.0000]
   📊 Atualizado limite avg_inference_time: [0.0014, 0.0014] → [0.0011, 0.0014]
   📊 Atualizado limite memory_used_mb: [235.0844, 235.0844] → [0.3791, 235.0844]
   📊 Atualizado limite gflops: [4.7286, 4.7286] → [0.0099, 4.7286]
      • Limites assertividade: {'top1_acc': {'min': 27.53692999357739, 'max': 31.34232498394348}, 'top5_acc': {'min': 75.49775208734746, 'max': 80.00963391136801}, 'precision_macro': {'min': 0.21108103619720658, 'max': 0.30801881866737457}, 'recall_macro': {'min': 0.23691695969090276, 'max': 0.2859655403665401}, 'f1_macro': {'min': 0.21147122653804046, 'max': 0.2742858711552366}}
      • Limites custo: {'total_params': {'min': 99373.0, 'max': 61625952.0}, 'avg_inference_time': {'min': np.float64(0.0011435114607519033), 'max': np.float64(0.0013542029322410117)}, 'memory_used_mb': {'min': 0.3790779113769531, 'max': 235.0843505859375}, 'gflops': {'min': 0.009903296, 'max': 4.72859544}}
      • Lambda (trade-off): 0.8
Calculando score OACE...

Avaliação OACE (máximos e mínimos):

s_min:  top1_acc           27.536930
top5_acc           75.497752
precision_macro     0.211081
recall_macro        0.236917
f1_macro            0.211471
dtype: float64
s_max:  top1_acc           31.342325
top5_acc           80.009634
precision_macro     0.308019
recall_macro        0.285966
f1_macro            0.274286
dtype: float64
c_min:  total_params          99373.000000
avg_inference_time        0.001144
memory_used_mb            0.379078
gflops                    0.009903
dtype: float64
c_max:  total_params          6.162595e+07
avg_inference_time    1.354203e-03
memory_used_mb        2.350844e+02
gflops                4.728595e+00
dtype: float64
norm_s (top1_acc, top5_acc, prec_macro, rec_macro, f1_macro):  [0. 0. 0. 0. 0.]
norm_c (MTP, TPI, MS, GFlops):  [0. 0. 0. 0.]
a_m (Assertiveness):  0.0
c_m_negative (Cost - negativo):  -0.0
c_m_normalized (para [0,1]):  1.0
s_phi_score:  0.19999999999999996
      • Score OACE calculado: 0.200000

📋 Candidato #2
   🏗️  Arquitetura: MobileNet
   ⚙️  Parâmetros: {'max_channels': 128, 'num_layers': 11, 'min_channels': 54, 'dropout_rate': 0.33623685111240603, 'num_classes': 9, 'batch_norm': True}
   🎯 Score OACE: 0.200000
   📊 Métricas de Assertividade:
      • Top-1 Accuracy: 27.5369
      • Top-5 Accuracy: 75.4978
      • Precision Macro: 0.2111
      • Recall Macro: 0.2369
      • F1 Macro: 0.2115
   💰 Métricas de Custo:
      • Total Parâmetros: 99,373.0
      • Tempo Inferência: 0.0011s
      • Memória Usada: 0.38 MB
      • GFLOPs: 0.01
Warm-up:  10%|█         | 2/20 [12:28<1:52:56, 376.46s/it]
🔄 Avaliando candidato 3/20
   🏗️  Arquitetura: CNN
   ⚙️  Parâmetros: {'max_channels': 85, 'num_layers': 20, 'min_channels': 26, 'dropout_rate': 0.24208802565355841, 'num_classes': 9, 'batch_norm': True}
   📈 Learning Rate: 0.001645
   🔥 Iniciando treinamento...

--- Iniciando warm-up da CNN Genérica ---
CNN: channels=[26, 29, 32, 35, 38, 41, 44, 47, 50, 53, 57, 60, 63, 66, 69, 72, 75, 78, 81, 85], dropout=0.24208802565355841, num_layers=20
✓ Usando GPU única: NVIDIA A100-SXM4-40GB
💡 Dica: Para usar múltiplas GPUs, defina USE_DATAPARALLEL=1 (pode causar erros NCCL)
Epoch 1/8 (41.4s): Train Loss: 2.2346, Train Acc: 15.24%, Valid Loss: 2.1574, Valid Acc: 16.27%, LR: 0.001645
Epoch 2/8 (49.8s): Train Loss: 2.1827, Train Acc: 15.66%, Valid Loss: 2.1574, Valid Acc: 16.27%, LR: 0.001645
Epoch 3/8 (45.4s): Train Loss: 2.1689, Train Acc: 15.87%, Valid Loss: 2.1565, Valid Acc: 16.23%, LR: 0.001645
Epoch 4/8 (46.4s): Train Loss: 2.1641, Train Acc: 16.06%, Valid Loss: 2.1569, Valid Acc: 16.27%, LR: 0.001645
Epoch 5/8 (45.0s): Train Loss: 2.1632, Train Acc: 16.09%, Valid Loss: 2.1574, Valid Acc: 16.27%, LR: 0.001645
Epoch 6/8 (42.7s): Train Loss: 2.1610, Train Acc: 16.07%, Valid Loss: 2.1567, Valid Acc: 16.18%, LR: 0.001645
Epoch 7/8 (43.7s): Train Loss: 2.1593, Train Acc: 16.12%, Valid Loss: 2.1562, Valid Acc: 16.27%, LR: 0.001645
Epoch 8/8 (44.3s): Train Loss: 2.1588, Train Acc: 16.12%, Valid Loss: 2.1565, Valid Acc: 16.27%, LR: 0.001645
✓ Treinamento concluído em 358.6s
✓ Melhor acurácia de validação: 16.27%
Teste: Loss: 2.1566, Top-1 Acc: 16.27%, Top-5 Acc: 67.66%, Precision (macro): 0.0181, Recall (macro): 0.1111, F1 (macro): 0.0311, Params: 5.82e+05, Inference Time: 0.0018s, Memory: 2.22MB, GFLOPs: 0.0147
Resultados salvos em: results/cnn_experiments/experiment_298900ed-a482-4888-84c6-b921e91f88ba.json
--- Warm-up da CNN Genérica Concluído ---
   📊 Métricas obtidas: {'loss': 2.1566140526138824, 'top1_acc': 16.26525369299936, 'top5_acc': 67.66217084136159, 'precision_macro': 0.01807250410333262, 'recall_macro': 0.1111111111111111, 'f1_macro': 0.03108840092682104, 'total_params': 581573.0, 'avg_inference_time': np.float64(0.0017598234877294423), 'memory_used_mb': 2.218524932861328, 'gflops': 0.014732133}
   💾 Resultado salvo no cache. Total cached: 3
   📊 Calculando score OACE...
   📊 Atualizado limite top1_acc: [27.5369, 31.3423] → [16.2653, 31.3423]
   📊 Atualizado limite top5_acc: [75.4978, 80.0096] → [67.6622, 80.0096]
   📊 Atualizado limite precision_macro: [0.2111, 0.3080] → [0.0181, 0.3080]
   📊 Atualizado limite recall_macro: [0.2369, 0.2860] → [0.1111, 0.2860]
   📊 Atualizado limite f1_macro: [0.2115, 0.2743] → [0.0311, 0.2743]
   📊 Atualizado limite avg_inference_time: [0.0011, 0.0014] → [0.0011, 0.0018]
      • Limites assertividade: {'top1_acc': {'min': 16.26525369299936, 'max': 31.34232498394348}, 'top5_acc': {'min': 67.66217084136159, 'max': 80.00963391136801}, 'precision_macro': {'min': 0.01807250410333262, 'max': 0.30801881866737457}, 'recall_macro': {'min': 0.1111111111111111, 'max': 0.2859655403665401}, 'f1_macro': {'min': 0.03108840092682104, 'max': 0.2742858711552366}}
      • Limites custo: {'total_params': {'min': 99373.0, 'max': 61625952.0}, 'avg_inference_time': {'min': np.float64(0.0011435114607519033), 'max': np.float64(0.0017598234877294423)}, 'memory_used_mb': {'min': 0.3790779113769531, 'max': 235.0843505859375}, 'gflops': {'min': 0.009903296, 'max': 4.72859544}}
      • Lambda (trade-off): 0.8
Calculando score OACE...

Avaliação OACE (máximos e mínimos):

s_min:  top1_acc           16.265254
top5_acc           67.662171
precision_macro     0.018073
recall_macro        0.111111
f1_macro            0.031088
dtype: float64
s_max:  top1_acc           31.342325
top5_acc           80.009634
precision_macro     0.308019
recall_macro        0.285966
f1_macro            0.274286
dtype: float64
c_min:  total_params          99373.000000
avg_inference_time        0.001144
memory_used_mb            0.379078
gflops                    0.009903
dtype: float64
c_max:  total_params          6.162595e+07
avg_inference_time    1.759823e-03
memory_used_mb        2.350844e+02
gflops                4.728595e+00
dtype: float64
norm_s (top1_acc, top5_acc, prec_macro, rec_macro, f1_macro):  [0. 0. 0. 0. 0.]
norm_c (MTP, TPI, MS, GFlops):  [0.00783726 1.         0.00783726 0.00102334]
a_m (Assertiveness):  0.0
c_m_negative (Cost - negativo):  -0.26760681801150327
c_m_normalized (para [0,1]):  0.7323931819884968
s_phi_score:  0.1464786363976993
      • Score OACE calculado: 0.146479

📋 Candidato #3
   🏗️  Arquitetura: CNN
   ⚙️  Parâmetros: {'max_channels': 85, 'num_layers': 20, 'min_channels': 26, 'dropout_rate': 0.24208802565355841, 'num_classes': 9, 'batch_norm': True}
   🎯 Score OACE: 0.146479
   📊 Métricas de Assertividade:
      • Top-1 Accuracy: 16.2653
      • Top-5 Accuracy: 67.6622
      • Precision Macro: 0.0181
      • Recall Macro: 0.1111
      • F1 Macro: 0.0311
   💰 Métricas de Custo:
      • Total Parâmetros: 581,573.0
      • Tempo Inferência: 0.0018s
      • Memória Usada: 2.22 MB
      • GFLOPs: 0.01
Warm-up:  15%|█▌        | 3/20 [18:32<1:45:01, 370.67s/it]
🔄 Avaliando candidato 4/20
   🏗️  Arquitetura: EfficientNet
   ⚙️  Parâmetros: {'max_channels': 319, 'num_layers': 12, 'min_channels': 40, 'dropout_rate': 0.24309077998070966, 'num_classes': 9, 'batch_norm': True}
   📈 Learning Rate: 0.005499
   🔥 Iniciando treinamento...
EfficientNet: base_channels=179, layers=[3, 3, 3], dropout=0.24309077998070966, num_layers=12
✓ Usando GPU única: NVIDIA A100-SXM4-40GB
💡 Dica: Para usar múltiplas GPUs, defina USE_DATAPARALLEL=1 (pode causar erros NCCL)
Epoch 1/8 (48.2s): Train Loss: 2.1453, Train Acc: 17.94%, Valid Loss: 2.0618, Valid Acc: 23.74%, LR: 0.005499
Epoch 2/8 (48.8s): Train Loss: 2.0298, Train Acc: 24.60%, Valid Loss: 1.9458, Valid Acc: 27.19%, LR: 0.005499
Epoch 3/8 (48.3s): Train Loss: 1.9379, Train Acc: 28.58%, Valid Loss: 1.8529, Valid Acc: 31.86%, LR: 0.005499
Epoch 4/8 (48.5s): Train Loss: 1.8661, Train Acc: 31.70%, Valid Loss: 1.7973, Valid Acc: 34.87%, LR: 0.005499
Epoch 5/8 (47.5s): Train Loss: 1.7973, Train Acc: 34.79%, Valid Loss: 1.7168, Valid Acc: 38.67%, LR: 0.005499
Epoch 6/8 (49.0s): Train Loss: 1.7503, Train Acc: 36.79%, Valid Loss: 1.6654, Valid Acc: 40.57%, LR: 0.005499
Epoch 7/8 (47.5s): Train Loss: 1.7154, Train Acc: 38.16%, Valid Loss: 1.6374, Valid Acc: 41.40%, LR: 0.005499
Epoch 8/8 (48.2s): Train Loss: 1.6816, Train Acc: 39.88%, Valid Loss: 1.6023, Valid Acc: 43.40%, LR: 0.005499
✓ Treinamento concluído em 386.0s
✓ Melhor acurácia de validação: 43.40%
Teste: Loss: 1.6044, Top-1 Acc: 43.64%, Top-5 Acc: 85.84%, Precision (macro): 0.4561, Recall (macro): 0.4114, F1 (macro): 0.4068, Params: 4.53e+07, Inference Time: 0.0022s, Memory: 172.81MB, GFLOPs: 2.1568
Resultados salvos em: results/efficientnet_experiments/experiment_68a49076-6c70-44ed-91c1-4c89aa379868.json
   📊 Métricas obtidas: {'loss': 1.604401421148806, 'top1_acc': 43.641618497109825, 'top5_acc': 85.83815028901734, 'precision_macro': 0.45609035635245143, 'recall_macro': 0.4113749189575681, 'f1_macro': 0.4067809048441053, 'total_params': 45300118.0, 'avg_inference_time': np.float64(0.002185064919140874), 'memory_used_mb': 172.80623626708984, 'gflops': 2.156793375}
   💾 Resultado salvo no cache. Total cached: 4
   📊 Calculando score OACE...
   📊 Atualizado limite top1_acc: [16.2653, 31.3423] → [16.2653, 43.6416]
   📊 Atualizado limite top5_acc: [67.6622, 80.0096] → [67.6622, 85.8382]
   📊 Atualizado limite precision_macro: [0.0181, 0.3080] → [0.0181, 0.4561]
   📊 Atualizado limite recall_macro: [0.1111, 0.2860] → [0.1111, 0.4114]
   📊 Atualizado limite f1_macro: [0.0311, 0.2743] → [0.0311, 0.4068]
   📊 Atualizado limite avg_inference_time: [0.0011, 0.0018] → [0.0011, 0.0022]
      • Limites assertividade: {'top1_acc': {'min': 16.26525369299936, 'max': 43.641618497109825}, 'top5_acc': {'min': 67.66217084136159, 'max': 85.83815028901734}, 'precision_macro': {'min': 0.01807250410333262, 'max': 0.45609035635245143}, 'recall_macro': {'min': 0.1111111111111111, 'max': 0.4113749189575681}, 'f1_macro': {'min': 0.03108840092682104, 'max': 0.4067809048441053}}
      • Limites custo: {'total_params': {'min': 99373.0, 'max': 61625952.0}, 'avg_inference_time': {'min': np.float64(0.0011435114607519033), 'max': np.float64(0.002185064919140874)}, 'memory_used_mb': {'min': 0.3790779113769531, 'max': 235.0843505859375}, 'gflops': {'min': 0.009903296, 'max': 4.72859544}}
      • Lambda (trade-off): 0.8
Calculando score OACE...

Avaliação OACE (máximos e mínimos):

s_min:  top1_acc           16.265254
top5_acc           67.662171
precision_macro     0.018073
recall_macro        0.111111
f1_macro            0.031088
dtype: float64
s_max:  top1_acc           43.641618
top5_acc           85.838150
precision_macro     0.456090
recall_macro        0.411375
f1_macro            0.406781
dtype: float64
c_min:  total_params          99373.000000
avg_inference_time        0.001144
memory_used_mb            0.379078
gflops                    0.009903
dtype: float64
c_max:  total_params          6.162595e+07
avg_inference_time    2.185065e-03
memory_used_mb        2.350844e+02
gflops                4.728595e+00
dtype: float64
norm_s (top1_acc, top5_acc, prec_macro, rec_macro, f1_macro):  [1. 1. 1. 1. 1.]
norm_c (MTP, TPI, MS, GFlops):  [0.73465396 1.         0.73465396 0.45497566]
a_m (Assertiveness):  1.0
c_m_negative (Cost - negativo):  -0.788765860653991
c_m_normalized (para [0,1]):  0.211234139346009
s_phi_score:  0.8422468278692018
      • Score OACE calculado: 0.842247

📋 Candidato #4
   🏗️  Arquitetura: EfficientNet
   ⚙️  Parâmetros: {'max_channels': 319, 'num_layers': 12, 'min_channels': 40, 'dropout_rate': 0.24309077998070966, 'num_classes': 9, 'batch_norm': True}
   🎯 Score OACE: 0.842247
   📊 Métricas de Assertividade:
      • Top-1 Accuracy: 43.6416
      • Top-5 Accuracy: 85.8382
      • Precision Macro: 0.4561
      • Recall Macro: 0.4114
      • F1 Macro: 0.4068
   💰 Métricas de Custo:
      • Total Parâmetros: 45,300,118.0
      • Tempo Inferência: 0.0022s
      • Memória Usada: 172.81 MB
      • GFLOPs: 2.16
Warm-up:  20%|██        | 4/20 [25:03<1:40:59, 378.71s/it]
🔄 Avaliando candidato 5/20
   🏗️  Arquitetura: EfficientNet
   ⚙️  Parâmetros: {'max_channels': 372, 'num_layers': 3, 'min_channels': 27, 'dropout_rate': 0.18275672765485818, 'num_classes': 9, 'batch_norm': True}
   📈 Learning Rate: 0.003026
   🔥 Iniciando treinamento...
EfficientNet: base_channels=199, layers=[1, 1, 1], dropout=0.18275672765485818, num_layers=3
✓ Usando GPU única: NVIDIA A100-SXM4-40GB
💡 Dica: Para usar múltiplas GPUs, defina USE_DATAPARALLEL=1 (pode causar erros NCCL)
Epoch 1/8 (41.7s): Train Loss: 2.1213, Train Acc: 18.71%, Valid Loss: 2.1064, Valid Acc: 21.65%, LR: 0.003026
Epoch 2/8 (40.4s): Train Loss: 2.0377, Train Acc: 24.40%, Valid Loss: 1.9752, Valid Acc: 27.62%, LR: 0.003026
Epoch 3/8 (39.5s): Train Loss: 1.9693, Train Acc: 27.55%, Valid Loss: 1.9290, Valid Acc: 29.19%, LR: 0.003026
Epoch 4/8 (39.9s): Train Loss: 1.9062, Train Acc: 29.88%, Valid Loss: 1.8510, Valid Acc: 31.93%, LR: 0.003026
Epoch 5/8 (44.3s): Train Loss: 1.8658, Train Acc: 31.51%, Valid Loss: 1.8146, Valid Acc: 33.81%, LR: 0.003026
Epoch 6/8 (44.0s): Train Loss: 1.8279, Train Acc: 33.47%, Valid Loss: 1.7947, Valid Acc: 35.22%, LR: 0.003026
