nohup: ignoring input
======================================================================
TREINAMENTO COMPLETO RESNET (CIFAR-10)
======================================================================
🔧 Dispositivo: cuda

📊 Carregando dados CIFAR-10...
   • Classes: 10
   • Train batches: 625
   • Val batches: 157
   • Test batches: 157

🎯 Parâmetros da ResNet:
   • num_classes: 10
   • min_channels: 32
   • max_channels: 128
   • dropout_rate: 0.5
   • num_layers: 4
   • batch_norm: True
ResNet: base_channels=80, layers=[2, 2, 2, 2], dropout=0.5, num_layers=4

⚙️  Configuração de treinamento:
   • num_epochs: 150
   • learning_rate: 0.001
   • weight_decay: 0.0001
   • use_mixed_precision: True
   • use_compile: True
   • early_stopping_patience: 10
   • gradient_accumulation_steps: 1
   • max_grad_norm: 1.0
   • scheduler_type: cosine
   • scheduler_kwargs: {'T_max': 100, 'eta_min': 1e-06}
   • save_best_model: True
   • experiment_name: resnet_full

🚀 Iniciando treinamento...
✓ Modelo compilado com torch.compile
/home/ufpa-ia/lyanh/OACE-Validation/utils/training_utils.py:57: FutureWarning: `torch.cuda.amp.GradScaler(args...)` is deprecated. Please use `torch.amp.GradScaler('cuda', args...)` instead.
  scaler = GradScaler() if use_mixed_precision and device.type == 'cuda' else None
✓ Mixed precision habilitado
/home/ufpa-ia/lyanh/OACE-Validation/utils/training_utils.py:86: FutureWarning: `torch.cuda.amp.autocast(args...)` is deprecated. Please use `torch.amp.autocast('cuda', args...)` instead.
  with autocast():
/home/ufpa-ia/lyanh/OACE-Validation/utils/training_utils.py:86: FutureWarning: `torch.cuda.amp.autocast(args...)` is deprecated. Please use `torch.amp.autocast('cuda', args...)` instead.
  with autocast():
/home/ufpa-ia/lyanh/OACE-Validation/utils/training_utils.py:132: FutureWarning: `torch.cuda.amp.autocast(args...)` is deprecated. Please use `torch.amp.autocast('cuda', args...)` instead.
  with autocast():
/home/ufpa-ia/lyanh/OACE-Validation/utils/training_utils.py:132: FutureWarning: `torch.cuda.amp.autocast(args...)` is deprecated. Please use `torch.amp.autocast('cuda', args...)` instead.
  with autocast():
Epoch 1/150 (36.6s): Train Loss: 2.0556, Train Acc: 30.02%, Valid Loss: 1.7458, Valid Acc: 41.69%, LR: 0.001000
/home/ufpa-ia/lyanh/OACE-Validation/utils/training_utils.py:86: FutureWarning: `torch.cuda.amp.autocast(args...)` is deprecated. Please use `torch.amp.autocast('cuda', args...)` instead.
  with autocast():
/home/ufpa-ia/lyanh/OACE-Validation/utils/training_utils.py:132: FutureWarning: `torch.cuda.amp.autocast(args...)` is deprecated. Please use `torch.amp.autocast('cuda', args...)` instead.
  with autocast():
Epoch 2/150 (20.6s): Train Loss: 1.7716, Train Acc: 41.28%, Valid Loss: 1.6088, Valid Acc: 49.54%, LR: 0.000999
Epoch 3/150 (20.3s): Train Loss: 1.6063, Train Acc: 49.32%, Valid Loss: 1.4386, Valid Acc: 57.41%, LR: 0.000998
Epoch 4/150 (20.4s): Train Loss: 1.4878, Train Acc: 55.76%, Valid Loss: 1.3738, Valid Acc: 61.24%, LR: 0.000996
Epoch 5/150 (20.7s): Train Loss: 1.4050, Train Acc: 59.85%, Valid Loss: 1.3267, Valid Acc: 62.19%, LR: 0.000994
Epoch 6/150 (20.4s): Train Loss: 1.3378, Train Acc: 63.04%, Valid Loss: 1.2464, Valid Acc: 66.81%, LR: 0.000991
Epoch 7/150 (20.4s): Train Loss: 1.2977, Train Acc: 64.39%, Valid Loss: 1.2473, Valid Acc: 68.59%, LR: 0.000988
Epoch 8/150 (20.4s): Train Loss: 1.2553, Train Acc: 66.72%, Valid Loss: 1.1589, Valid Acc: 70.53%, LR: 0.000984
Epoch 9/150 (20.5s): Train Loss: 1.2239, Train Acc: 67.93%, Valid Loss: 1.1532, Valid Acc: 71.45%, LR: 0.000980
Epoch 10/150 (20.4s): Train Loss: 1.1801, Train Acc: 70.09%, Valid Loss: 1.1124, Valid Acc: 73.00%, LR: 0.000976
Epoch 11/150 (20.3s): Train Loss: 1.1565, Train Acc: 71.16%, Valid Loss: 1.0689, Valid Acc: 74.59%, LR: 0.000970
Epoch 12/150 (20.3s): Train Loss: 1.1250, Train Acc: 72.44%, Valid Loss: 1.0402, Valid Acc: 76.30%, LR: 0.000965
Epoch 13/150 (20.3s): Train Loss: 1.0977, Train Acc: 73.71%, Valid Loss: 1.0299, Valid Acc: 76.40%, LR: 0.000959
Epoch 14/150 (20.2s): Train Loss: 1.0717, Train Acc: 75.15%, Valid Loss: 1.0048, Valid Acc: 77.40%, LR: 0.000952
Epoch 15/150 (20.2s): Train Loss: 1.0508, Train Acc: 75.91%, Valid Loss: 0.9672, Valid Acc: 79.64%, LR: 0.000946
Epoch 16/150 (20.2s): Train Loss: 1.0195, Train Acc: 77.41%, Valid Loss: 0.9537, Valid Acc: 80.14%, LR: 0.000938
Epoch 17/150 (20.2s): Train Loss: 1.0004, Train Acc: 78.31%, Valid Loss: 0.9498, Valid Acc: 79.98%, LR: 0.000930
Epoch 18/150 (20.2s): Train Loss: 0.9788, Train Acc: 79.46%, Valid Loss: 0.9238, Valid Acc: 81.32%, LR: 0.000922
Epoch 19/150 (20.1s): Train Loss: 0.9650, Train Acc: 79.84%, Valid Loss: 0.9125, Valid Acc: 82.02%, LR: 0.000914
Epoch 20/150 (20.1s): Train Loss: 0.9489, Train Acc: 80.44%, Valid Loss: 0.9013, Valid Acc: 82.53%, LR: 0.000905
Epoch 21/150 (20.1s): Train Loss: 0.9291, Train Acc: 81.53%, Valid Loss: 0.8930, Valid Acc: 82.81%, LR: 0.000895
Epoch 22/150 (20.1s): Train Loss: 0.9151, Train Acc: 82.20%, Valid Loss: 0.8841, Valid Acc: 82.83%, LR: 0.000885
Epoch 23/150 (20.1s): Train Loss: 0.8984, Train Acc: 82.72%, Valid Loss: 0.8720, Valid Acc: 83.67%, LR: 0.000875
Epoch 24/150 (20.2s): Train Loss: 0.8913, Train Acc: 83.00%, Valid Loss: 0.8556, Valid Acc: 84.53%, LR: 0.000865
Epoch 25/150 (20.2s): Train Loss: 0.8812, Train Acc: 83.49%, Valid Loss: 0.8498, Valid Acc: 84.79%, LR: 0.000854
Epoch 26/150 (20.3s): Train Loss: 0.8656, Train Acc: 84.27%, Valid Loss: 0.8352, Valid Acc: 85.35%, LR: 0.000842
Epoch 27/150 (20.3s): Train Loss: 0.8590, Train Acc: 84.41%, Valid Loss: 0.8361, Valid Acc: 85.15%, LR: 0.000831
Epoch 28/150 (20.5s): Train Loss: 0.8485, Train Acc: 85.00%, Valid Loss: 0.8261, Valid Acc: 85.92%, LR: 0.000819
Epoch 29/150 (20.3s): Train Loss: 0.8385, Train Acc: 85.42%, Valid Loss: 0.8206, Valid Acc: 86.08%, LR: 0.000807
Epoch 30/150 (20.3s): Train Loss: 0.8306, Train Acc: 85.77%, Valid Loss: 0.8207, Valid Acc: 85.91%, LR: 0.000794
Epoch 31/150 (20.4s): Train Loss: 0.8230, Train Acc: 85.97%, Valid Loss: 0.8207, Valid Acc: 86.07%, LR: 0.000781
Epoch 32/150 (20.3s): Train Loss: 0.8090, Train Acc: 86.77%, Valid Loss: 0.8154, Valid Acc: 86.30%, LR: 0.000768
Epoch 33/150 (20.4s): Train Loss: 0.8082, Train Acc: 86.61%, Valid Loss: 0.8037, Valid Acc: 86.65%, LR: 0.000755
Epoch 34/150 (20.4s): Train Loss: 0.7946, Train Acc: 87.21%, Valid Loss: 0.8040, Valid Acc: 86.78%, LR: 0.000741
Epoch 35/150 (20.4s): Train Loss: 0.7906, Train Acc: 87.50%, Valid Loss: 0.7909, Valid Acc: 87.13%, LR: 0.000727
Epoch 36/150 (20.4s): Train Loss: 0.7818, Train Acc: 87.97%, Valid Loss: 0.7927, Valid Acc: 87.29%, LR: 0.000713
Epoch 37/150 (20.3s): Train Loss: 0.7733, Train Acc: 88.31%, Valid Loss: 0.7875, Valid Acc: 87.44%, LR: 0.000699
Epoch 38/150 (20.2s): Train Loss: 0.7661, Train Acc: 88.53%, Valid Loss: 0.7855, Valid Acc: 87.82%, LR: 0.000684
Epoch 39/150 (20.3s): Train Loss: 0.7620, Train Acc: 88.75%, Valid Loss: 0.7711, Valid Acc: 88.06%, LR: 0.000670
Epoch 40/150 (20.6s): Train Loss: 0.7492, Train Acc: 89.45%, Valid Loss: 0.7788, Valid Acc: 87.82%, LR: 0.000655
Epoch 41/150 (20.4s): Train Loss: 0.7491, Train Acc: 89.26%, Valid Loss: 0.7744, Valid Acc: 88.02%, LR: 0.000640
Epoch 42/150 (20.4s): Train Loss: 0.7431, Train Acc: 89.49%, Valid Loss: 0.7726, Valid Acc: 88.33%, LR: 0.000625
Epoch 43/150 (20.5s): Train Loss: 0.7367, Train Acc: 89.83%, Valid Loss: 0.7628, Valid Acc: 88.70%, LR: 0.000609
Epoch 44/150 (20.6s): Train Loss: 0.7325, Train Acc: 89.98%, Valid Loss: 0.7639, Valid Acc: 88.69%, LR: 0.000594
Epoch 45/150 (20.4s): Train Loss: 0.7249, Train Acc: 90.48%, Valid Loss: 0.7691, Valid Acc: 88.41%, LR: 0.000579
Epoch 46/150 (20.3s): Train Loss: 0.7197, Train Acc: 90.69%, Valid Loss: 0.7543, Valid Acc: 89.05%, LR: 0.000563
Epoch 47/150 (20.4s): Train Loss: 0.7149, Train Acc: 90.80%, Valid Loss: 0.7596, Valid Acc: 89.02%, LR: 0.000548
Epoch 48/150 (20.3s): Train Loss: 0.7074, Train Acc: 91.27%, Valid Loss: 0.7594, Valid Acc: 88.89%, LR: 0.000532
Epoch 49/150 (20.4s): Train Loss: 0.7008, Train Acc: 91.53%, Valid Loss: 0.7570, Valid Acc: 89.13%, LR: 0.000516
Epoch 50/150 (20.3s): Train Loss: 0.6986, Train Acc: 91.62%, Valid Loss: 0.7598, Valid Acc: 88.55%, LR: 0.000501
Epoch 51/150 (20.5s): Train Loss: 0.6973, Train Acc: 91.72%, Valid Loss: 0.7493, Valid Acc: 89.39%, LR: 0.000485
Epoch 52/150 (20.5s): Train Loss: 0.6905, Train Acc: 91.98%, Valid Loss: 0.7507, Valid Acc: 89.40%, LR: 0.000469
Epoch 53/150 (20.7s): Train Loss: 0.6876, Train Acc: 91.94%, Valid Loss: 0.7524, Valid Acc: 88.71%, LR: 0.000453
Epoch 54/150 (20.3s): Train Loss: 0.6803, Train Acc: 92.34%, Valid Loss: 0.7435, Valid Acc: 89.46%, LR: 0.000438
Epoch 55/150 (20.4s): Train Loss: 0.6762, Train Acc: 92.64%, Valid Loss: 0.7491, Valid Acc: 89.34%, LR: 0.000422
Epoch 56/150 (20.4s): Train Loss: 0.6750, Train Acc: 92.71%, Valid Loss: 0.7465, Valid Acc: 89.32%, LR: 0.000407
Epoch 57/150 (20.4s): Train Loss: 0.6689, Train Acc: 92.84%, Valid Loss: 0.7478, Valid Acc: 89.57%, LR: 0.000392
Epoch 58/150 (20.3s): Train Loss: 0.6679, Train Acc: 92.92%, Valid Loss: 0.7432, Valid Acc: 89.63%, LR: 0.000376
Epoch 59/150 (20.2s): Train Loss: 0.6643, Train Acc: 93.17%, Valid Loss: 0.7465, Valid Acc: 89.27%, LR: 0.000361
Epoch 60/150 (20.1s): Train Loss: 0.6574, Train Acc: 93.48%, Valid Loss: 0.7458, Valid Acc: 89.59%, LR: 0.000346
Epoch 61/150 (20.2s): Train Loss: 0.6562, Train Acc: 93.45%, Valid Loss: 0.7458, Valid Acc: 89.54%, LR: 0.000331
Epoch 62/150 (20.2s): Train Loss: 0.6511, Train Acc: 93.65%, Valid Loss: 0.7354, Valid Acc: 89.95%, LR: 0.000317
Epoch 63/150 (20.2s): Train Loss: 0.6484, Train Acc: 93.90%, Valid Loss: 0.7459, Valid Acc: 89.81%, LR: 0.000302
Epoch 64/150 (20.3s): Train Loss: 0.6450, Train Acc: 94.02%, Valid Loss: 0.7367, Valid Acc: 89.81%, LR: 0.000288
Epoch 65/150 (20.3s): Train Loss: 0.6439, Train Acc: 94.04%, Valid Loss: 0.7367, Valid Acc: 89.89%, LR: 0.000274
Epoch 66/150 (20.3s): Train Loss: 0.6364, Train Acc: 94.35%, Valid Loss: 0.7368, Valid Acc: 90.14%, LR: 0.000260
Epoch 67/150 (20.3s): Train Loss: 0.6363, Train Acc: 94.28%, Valid Loss: 0.7423, Valid Acc: 89.80%, LR: 0.000246
Epoch 68/150 (20.3s): Train Loss: 0.6347, Train Acc: 94.35%, Valid Loss: 0.7326, Valid Acc: 90.11%, LR: 0.000233
Epoch 69/150 (20.4s): Train Loss: 0.6300, Train Acc: 94.71%, Valid Loss: 0.7378, Valid Acc: 90.01%, LR: 0.000220
Epoch 70/150 (20.3s): Train Loss: 0.6300, Train Acc: 94.71%, Valid Loss: 0.7388, Valid Acc: 89.85%, LR: 0.000207
Epoch 71/150 (20.3s): Train Loss: 0.6256, Train Acc: 94.83%, Valid Loss: 0.7350, Valid Acc: 89.96%, LR: 0.000194
Epoch 72/150 (20.3s): Train Loss: 0.6228, Train Acc: 95.08%, Valid Loss: 0.7407, Valid Acc: 89.97%, LR: 0.000182
Epoch 73/150 (20.4s): Train Loss: 0.6236, Train Acc: 95.01%, Valid Loss: 0.7294, Valid Acc: 90.50%, LR: 0.000170
Epoch 74/150 (20.4s): Train Loss: 0.6202, Train Acc: 95.06%, Valid Loss: 0.7327, Valid Acc: 89.93%, LR: 0.000159
Epoch 75/150 (20.3s): Train Loss: 0.6186, Train Acc: 95.20%, Valid Loss: 0.7286, Valid Acc: 90.55%, LR: 0.000147
Epoch 76/150 (20.3s): Train Loss: 0.6166, Train Acc: 95.21%, Valid Loss: 0.7299, Valid Acc: 90.22%, LR: 0.000136
Epoch 77/150 (20.3s): Train Loss: 0.6118, Train Acc: 95.51%, Valid Loss: 0.7308, Valid Acc: 90.58%, LR: 0.000126
Epoch 78/150 (20.3s): Train Loss: 0.6136, Train Acc: 95.42%, Valid Loss: 0.7292, Valid Acc: 90.14%, LR: 0.000116
Epoch 79/150 (20.3s): Train Loss: 0.6123, Train Acc: 95.48%, Valid Loss: 0.7315, Valid Acc: 90.35%, LR: 0.000106
Epoch 80/150 (20.3s): Train Loss: 0.6081, Train Acc: 95.64%, Valid Loss: 0.7328, Valid Acc: 90.19%, LR: 0.000096
Epoch 81/150 (20.3s): Train Loss: 0.6061, Train Acc: 95.72%, Valid Loss: 0.7322, Valid Acc: 90.27%, LR: 0.000087
Epoch 82/150 (20.3s): Train Loss: 0.6068, Train Acc: 95.66%, Valid Loss: 0.7329, Valid Acc: 90.23%, LR: 0.000079
Epoch 83/150 (20.4s): Train Loss: 0.6028, Train Acc: 95.85%, Valid Loss: 0.7280, Valid Acc: 90.55%, LR: 0.000071
Epoch 84/150 (20.4s): Train Loss: 0.6075, Train Acc: 95.68%, Valid Loss: 0.7335, Valid Acc: 90.49%, LR: 0.000063
Epoch 85/150 (20.4s): Train Loss: 0.6039, Train Acc: 95.85%, Valid Loss: 0.7284, Valid Acc: 90.48%, LR: 0.000055
Epoch 86/150 (20.3s): Train Loss: 0.6005, Train Acc: 95.98%, Valid Loss: 0.7271, Valid Acc: 90.49%, LR: 0.000049
Epoch 87/150 (20.3s): Train Loss: 0.6034, Train Acc: 95.88%, Valid Loss: 0.7323, Valid Acc: 90.63%, LR: 0.000042
Epoch 88/150 (20.4s): Train Loss: 0.6004, Train Acc: 96.04%, Valid Loss: 0.7309, Valid Acc: 90.59%, LR: 0.000036
Epoch 89/150 (20.4s): Train Loss: 0.6020, Train Acc: 95.91%, Valid Loss: 0.7290, Valid Acc: 90.22%, LR: 0.000031
Epoch 90/150 (20.3s): Train Loss: 0.6022, Train Acc: 95.93%, Valid Loss: 0.7248, Valid Acc: 90.70%, LR: 0.000025
Epoch 91/150 (20.3s): Train Loss: 0.5991, Train Acc: 96.09%, Valid Loss: 0.7250, Valid Acc: 90.71%, LR: 0.000021
Epoch 92/150 (20.4s): Train Loss: 0.5971, Train Acc: 96.08%, Valid Loss: 0.7222, Valid Acc: 90.59%, LR: 0.000017
Epoch 93/150 (20.4s): Train Loss: 0.5965, Train Acc: 96.25%, Valid Loss: 0.7360, Valid Acc: 90.38%, LR: 0.000013
Epoch 94/150 (20.4s): Train Loss: 0.5996, Train Acc: 95.88%, Valid Loss: 0.7268, Valid Acc: 90.71%, LR: 0.000010
Epoch 95/150 (20.3s): Train Loss: 0.5972, Train Acc: 96.06%, Valid Loss: 0.7268, Valid Acc: 90.71%, LR: 0.000007
Epoch 96/150 (20.5s): Train Loss: 0.5968, Train Acc: 96.09%, Valid Loss: 0.7341, Valid Acc: 90.54%, LR: 0.000005
Epoch 97/150 (20.3s): Train Loss: 0.5972, Train Acc: 96.03%, Valid Loss: 0.7283, Valid Acc: 90.53%, LR: 0.000003
Epoch 98/150 (20.3s): Train Loss: 0.5959, Train Acc: 96.30%, Valid Loss: 0.7221, Valid Acc: 90.73%, LR: 0.000002
Epoch 99/150 (20.3s): Train Loss: 0.5935, Train Acc: 96.33%, Valid Loss: 0.7269, Valid Acc: 90.50%, LR: 0.000001
Epoch 100/150 (20.3s): Train Loss: 0.5967, Train Acc: 96.14%, Valid Loss: 0.7256, Valid Acc: 90.45%, LR: 0.000001
Epoch 101/150 (20.4s): Train Loss: 0.5973, Train Acc: 96.19%, Valid Loss: 0.7362, Valid Acc: 90.19%, LR: 0.000001
Epoch 102/150 (20.6s): Train Loss: 0.5988, Train Acc: 95.96%, Valid Loss: 0.7294, Valid Acc: 90.20%, LR: 0.000002
Epoch 103/150 (20.3s): Train Loss: 0.5993, Train Acc: 96.00%, Valid Loss: 0.7269, Valid Acc: 90.80%, LR: 0.000003
Epoch 104/150 (20.3s): Train Loss: 0.5982, Train Acc: 96.17%, Valid Loss: 0.7208, Valid Acc: 90.66%, LR: 0.000005
Epoch 105/150 (20.4s): Train Loss: 0.5968, Train Acc: 96.13%, Valid Loss: 0.7248, Valid Acc: 90.75%, LR: 0.000007
Epoch 106/150 (20.4s): Train Loss: 0.5972, Train Acc: 96.12%, Valid Loss: 0.7272, Valid Acc: 90.47%, LR: 0.000010
Epoch 107/150 (20.3s): Train Loss: 0.5981, Train Acc: 96.17%, Valid Loss: 0.7238, Valid Acc: 90.69%, LR: 0.000013
Epoch 108/150 (20.3s): Train Loss: 0.5976, Train Acc: 96.13%, Valid Loss: 0.7247, Valid Acc: 90.44%, LR: 0.000017
Epoch 109/150 (20.3s): Train Loss: 0.5966, Train Acc: 96.13%, Valid Loss: 0.7315, Valid Acc: 90.41%, LR: 0.000021
Epoch 110/150 (20.3s): Train Loss: 0.5981, Train Acc: 96.14%, Valid Loss: 0.7268, Valid Acc: 90.56%, LR: 0.000025
Epoch 111/150 (20.3s): Train Loss: 0.5980, Train Acc: 96.06%, Valid Loss: 0.7318, Valid Acc: 90.48%, LR: 0.000031
Epoch 112/150 (20.3s): Train Loss: 0.5962, Train Acc: 96.13%, Valid Loss: 0.7260, Valid Acc: 90.38%, LR: 0.000036
Epoch 113/150 (20.3s): Train Loss: 0.5952, Train Acc: 96.29%, Valid Loss: 0.7226, Valid Acc: 90.79%, LR: 0.000042
🛑 Early stopping após 10 épocas sem melhoria
✓ Treinamento concluído em 2314.3s
✓ Melhor acurácia de validação: 90.80%

🧪 Avaliando no conjunto de teste...
Teste: Loss: 0.7075, Top-1 Acc: 91.83%, Top-5 Acc: 99.42%, Precision (macro): 0.9180, Recall (macro): 0.9183, F1 (macro): 0.9180, Params: 1.75e+07, Inference Time: 0.0014s, Memory: 66.58MB, GFLOPs: 0.8704
💾 Resultados salvos em: results/resnet_experiments/experiment_4588c1fb-f6d8-406b-9955-8cdc48263789.json

🏆 RESULTADOS FINAIS:
   • Top-1 Accuracy: 91.83%
   • Top-5 Accuracy: 99.42%
   • F1-Score: 0.9180
   • Loss: 0.7075
   • Parâmetros: 1.75e+07
   • Tempo de Inferência: 0.0014s
   • Memória: 66.58 MB
   • GFLOPs: 0.8704
